[MultiPayload] Loaded  49,723 samples from data/isaac_0.0kg.h5
[MultiPayload] Loaded  49,766 samples from data/isaac_1.0kg.h5
[MultiPayload] Loaded  48,815 samples from data/isaac_3.0kg.h5
[MultiPayload] Combined: 148,304 samples from 3 files
[split] split(seed=12345): train=118,644 val=14,830 test=14,830 (total 148,304)
[N2] FrictionNet enabled (6087 parameters)
epoch    1 | train 1.3271 (mse 1.2826) | val 1.1049 (mse 1.0519) | dissip_viol 0.1120
         D_diag mean/joint: [0.4329, 1.1021, 0.5744, 0.4268, 1.0210, 0.5195, 0.5622]
epoch   20 | train 0.5544 (mse 0.5425) | val 0.5427 (mse 0.5292) | dissip_viol 0.0116
         D_diag mean/joint: [0.0026, 0.2149, 0.3133, 0.0268, 0.5120, 0.3318, 0.5048]
epoch   40 | train 0.5138 (mse 0.5046) | val 0.5213 (mse 0.5111) | dissip_viol 0.0132
         D_diag mean/joint: [0.0027, 0.1095, 0.2384, 0.0164, 0.3339, 0.2635, 0.5009]
epoch   60 | train 0.4913 (mse 0.4837) | val 0.4992 (mse 0.4935) | dissip_viol 0.0063
         D_diag mean/joint: [0.0018, 0.0908, 0.1571, 0.0134, 0.3076, 0.2796, 0.4900]
epoch   80 | train 0.4830 (mse 0.4761) | val 0.4848 (mse 0.4792) | dissip_viol 0.0031
         D_diag mean/joint: [0.0012, 0.0883, 0.1391, 0.0116, 0.3009, 0.3069, 0.5068]
epoch  100 | train 0.4821 (mse 0.4758) | val 0.5204 (mse 0.5128) | dissip_viol 0.0025
         D_diag mean/joint: [0.0014, 0.0817, 0.0991, 0.0113, 0.2945, 0.3491, 0.5409]
epoch  120 | train 0.4797 (mse 0.4732) | val 0.4873 (mse 0.4804) | dissip_viol 0.0021
         D_diag mean/joint: [0.0022, 0.0873, 0.1159, 0.0121, 0.3402, 0.3489, 0.5475]
epoch  140 | train 0.4767 (mse 0.4709) | val 0.5135 (mse 0.5084) | dissip_viol 0.0015
         D_diag mean/joint: [0.0053, 0.0810, 0.1170, 0.0120, 0.3422, 0.3770, 0.5881]
epoch  160 | train 0.4684 (mse 0.4628) | val 0.4747 (mse 0.4679) | dissip_viol 0.0031
         D_diag mean/joint: [0.0065, 0.0601, 0.0829, 0.0152, 0.3660, 0.4004, 0.5703]
epoch  180 | train 0.4668 (mse 0.4615) | val 0.4665 (mse 0.4602) | dissip_viol 0.0030
         D_diag mean/joint: [0.0141, 0.0536, 0.0819, 0.0180, 0.3871, 0.4283, 0.6201]
epoch  200 | train 0.4615 (mse 0.4563) | val 0.5073 (mse 0.5037) | dissip_viol 0.0033
         D_diag mean/joint: [0.0187, 0.0408, 0.0621, 0.0181, 0.3969, 0.4389, 0.6655]

[eval] Restored best-validation checkpoint for final metrics.

[eval] Per-joint VAL  RMSE (Nm), in-sample for selection: [0.7849, 1.1783, 0.5544, 0.7516, 0.3682, 0.3489, 0.2976]
[eval] Per-joint TEST RMSE (Nm), HELD OUT  -> REPORT THIS: [1.0217, 0.9346, 0.5530, 0.8433, 0.3705, 0.3547, 0.2875]
[eval] Mean test RMSE: 0.6236 Nm
  Joints 1-4 (87 Nm): 0.8382 Nm  |  Joints 5-7 (12 Nm): 0.3376 Nm
  -> Scale within tolerance (ratio 0.4x).

Done. Best val loss 0.4665. Saved to models/run_20260731_164633/ (greybox_best.pt + friction_net_best.pt)
