[MultiPayload] Loaded  49,723 samples from data/isaac_0.0kg.h5
[MultiPayload] Loaded  49,766 samples from data/isaac_1.0kg.h5
[MultiPayload] Loaded  48,815 samples from data/isaac_3.0kg.h5
[MultiPayload] Combined: 148,304 samples from 3 files
[split] split(seed=12345): train=118,644 val=14,830 test=14,830 (total 148,304)
[baseline] --no_rnea: BLACK BOX. tau_pred = network output alone; analytical RNEA term dropped; dissipativity constraint disabled.
epoch    1 | train 28.6700 (mse 28.6694) | val 3.4875 (mse 3.4875) | dissip_viol 0.0000
epoch   20 | train 0.6535 (mse 0.6535) | val 0.8057 (mse 0.8057) | dissip_viol 0.0000
epoch   40 | train 0.4731 (mse 0.4731) | val 0.4579 (mse 0.4579) | dissip_viol 0.0000
epoch   60 | train 0.4126 (mse 0.4126) | val 0.4355 (mse 0.4355) | dissip_viol 0.0000
epoch   80 | train 0.4060 (mse 0.4060) | val 0.4084 (mse 0.4084) | dissip_viol 0.0000
epoch  100 | train 0.3980 (mse 0.3980) | val 0.4516 (mse 0.4516) | dissip_viol 0.0000
epoch  120 | train 0.3669 (mse 0.3669) | val 0.3922 (mse 0.3922) | dissip_viol 0.0000
epoch  140 | train 0.3608 (mse 0.3608) | val 0.3873 (mse 0.3873) | dissip_viol 0.0000
epoch  160 | train 0.3524 (mse 0.3524) | val 0.3523 (mse 0.3523) | dissip_viol 0.0000
epoch  180 | train 0.3508 (mse 0.3508) | val 0.3425 (mse 0.3425) | dissip_viol 0.0000
epoch  200 | train 0.3455 (mse 0.3455) | val 0.3369 (mse 0.3369) | dissip_viol 0.0000

[eval] Restored best-validation checkpoint for final metrics.

[eval] Per-joint VAL  RMSE (Nm), in-sample for selection: [0.7011, 1.1014, 0.3797, 0.6246, 0.0596, 0.0586, 0.0318]
[eval] Per-joint TEST RMSE (Nm), HELD OUT  -> REPORT THIS: [0.9711, 0.8446, 0.4046, 0.7420, 0.0656, 0.0677, 0.0311]
[eval] Mean test RMSE: 0.4467 Nm
  Joints 1-4 (87 Nm): 0.7406 Nm  |  Joints 5-7 (12 Nm): 0.0548 Nm
  -> Scale within tolerance (ratio 0.1x).

Done. Best val loss 0.3207. Saved to models/run_20260731_165040/ (greybox_best.pt)
