[MultiPayload] Loaded  49,723 samples from data/isaac_0.0kg.h5
[MultiPayload] Loaded  49,766 samples from data/isaac_1.0kg.h5
[MultiPayload] Loaded  48,815 samples from data/isaac_3.0kg.h5
[MultiPayload] Combined: 148,304 samples from 3 files
[split] split(seed=12345): train=118,644 val=14,830 test=14,830 (total 148,304)
[ablation] encoding=raw (default is 'sincos')
[N2] FrictionNet enabled (5639 parameters)
epoch    1 | train 1.3115 (mse 1.2669) | val 1.0913 (mse 1.0451) | dissip_viol 0.1073
         D_diag mean/joint: [0.4188, 0.8181, 0.3337, 0.6609, 0.3906, 0.7062, 0.4264]
epoch   20 | train 0.5456 (mse 0.5335) | val 0.5932 (mse 0.5767) | dissip_viol 0.0262
         D_diag mean/joint: [0.0006, 0.5019, 0.0910, 0.2299, 0.3509, 0.4221, 0.3952]
epoch   40 | train 0.5002 (mse 0.4914) | val 0.5140 (mse 0.5011) | dissip_viol 0.0020
         D_diag mean/joint: [0.0008, 0.3327, 0.0397, 0.1355, 0.3601, 0.3985, 0.4469]
epoch   60 | train 0.4971 (mse 0.4895) | val 0.5077 (mse 0.4996) | dissip_viol 0.0020
         D_diag mean/joint: [0.0008, 0.1757, 0.0306, 0.0767, 0.2781, 0.3431, 0.4603]
epoch   80 | train 0.4890 (mse 0.4822) | val 0.5206 (mse 0.5120) | dissip_viol 0.0107
         D_diag mean/joint: [0.0008, 0.1073, 0.0237, 0.0586, 0.2196, 0.3378, 0.4588]
epoch  100 | train 0.4772 (mse 0.4708) | val 0.5041 (mse 0.4949) | dissip_viol 0.0046
         D_diag mean/joint: [0.0003, 0.0605, 0.0164, 0.0388, 0.2046, 0.3360, 0.4819]
epoch  120 | train 0.4757 (mse 0.4698) | val 0.5040 (mse 0.4966) | dissip_viol 0.0040
         D_diag mean/joint: [0.0001, 0.0631, 0.0146, 0.0536, 0.1871, 0.3185, 0.5419]
epoch  140 | train 0.4754 (mse 0.4697) | val 0.4759 (mse 0.4681) | dissip_viol 0.0031
         D_diag mean/joint: [0.0000, 0.0417, 0.0090, 0.0380, 0.1608, 0.3174, 0.5303]
epoch  160 | train 0.4713 (mse 0.4660) | val 0.4859 (mse 0.4784) | dissip_viol 0.0063
         D_diag mean/joint: [0.0001, 0.0273, 0.0070, 0.0334, 0.1579, 0.3596, 0.5791]
epoch  180 | train 0.4705 (mse 0.4651) | val 0.4799 (mse 0.4743) | dissip_viol 0.0018
         D_diag mean/joint: [0.0000, 0.0434, 0.0058, 0.0277, 0.1381, 0.4026, 0.5487]
epoch  200 | train 0.4676 (mse 0.4619) | val 0.4909 (mse 0.4858) | dissip_viol 0.0016
         D_diag mean/joint: [0.0000, 0.0542, 0.0047, 0.0239, 0.1453, 0.3850, 0.5604]

[eval] Restored best-validation checkpoint for final metrics.

[eval] Per-joint VAL  RMSE (Nm), in-sample for selection: [0.7951, 1.1660, 0.5841, 0.7475, 0.3728, 0.3554, 0.3079]
[eval] Per-joint TEST RMSE (Nm), HELD OUT  -> REPORT THIS: [1.0345, 0.9290, 0.5623, 0.8597, 0.3739, 0.3606, 0.2978]
[eval] Mean test RMSE: 0.6311 Nm
  Joints 1-4 (87 Nm): 0.8464 Nm  |  Joints 5-7 (12 Nm): 0.3441 Nm
  -> Scale within tolerance (ratio 0.4x).

Done. Best val loss 0.4697. Saved to models/run_20260731_165409/ (greybox_best.pt + friction_net_best.pt)
