[MultiPayload] Loaded  49,723 samples from data/isaac_0.0kg.h5
[MultiPayload] Loaded  49,766 samples from data/isaac_1.0kg.h5
[MultiPayload] Loaded  48,815 samples from data/isaac_3.0kg.h5
[MultiPayload] Combined: 148,304 samples from 3 files
[split] split(seed=12345): train=118,644 val=14,830 test=14,830 (total 148,304)
epoch    1 | train 1.3205 (mse 1.2727) | val 1.1213 (mse 1.0678) | dissip_viol 0.0901
epoch   20 | train 0.5457 (mse 0.5334) | val 0.5421 (mse 0.5305) | dissip_viol 0.0143
epoch   40 | train 0.5083 (mse 0.4993) | val 0.5116 (mse 0.4999) | dissip_viol 0.0201
epoch   60 | train 0.4871 (mse 0.4796) | val 0.5163 (mse 0.5076) | dissip_viol 0.0125
epoch   80 | train 0.4874 (mse 0.4807) | val 0.5047 (mse 0.4989) | dissip_viol 0.0086
epoch  100 | train 0.4811 (mse 0.4746) | val 0.4859 (mse 0.4810) | dissip_viol 0.0024
epoch  120 | train 0.4748 (mse 0.4693) | val 0.4997 (mse 0.4904) | dissip_viol 0.0040
epoch  140 | train 0.4763 (mse 0.4708) | val 0.4912 (mse 0.4847) | dissip_viol 0.0082
epoch  160 | train 0.4798 (mse 0.4736) | val 0.4891 (mse 0.4811) | dissip_viol 0.0016
epoch  180 | train 0.4742 (mse 0.4688) | val 0.4898 (mse 0.4845) | dissip_viol 0.0028
epoch  200 | train 0.4648 (mse 0.4595) | val 0.5300 (mse 0.5240) | dissip_viol 0.0015

[eval] Restored best-validation checkpoint for final metrics.

[eval] Per-joint VAL  RMSE (Nm), in-sample for selection: [0.8019, 1.1686, 0.5720, 0.7496, 0.3827, 0.3573, 0.3074]
[eval] Per-joint TEST RMSE (Nm), HELD OUT  -> REPORT THIS: [1.0427, 0.9248, 0.5645, 0.8509, 0.3847, 0.3635, 0.2971]
[eval] Mean test RMSE: 0.6326 Nm
  Joints 1-4 (87 Nm): 0.8457 Nm  |  Joints 5-7 (12 Nm): 0.3484 Nm
  -> Scale within tolerance (ratio 0.4x).

Done. Best val loss 0.4704. Saved to models/run_20260731_165813/ (greybox_best.pt)
