[MultiPayload] Loaded  49,723 samples from data/isaac_0.0kg.h5
[MultiPayload] Loaded  49,766 samples from data/isaac_1.0kg.h5
[MultiPayload] Loaded  48,815 samples from data/isaac_3.0kg.h5
[MultiPayload] Combined: 148,304 samples from 3 files
[MultiPayload] Subsampled to 5,000 samples (max_samples=5000)
[N4] Dataset truncated to 5000 samples (max_samples=5000)
[split] split(seed=12345): train=4,000 val=500 test=500 (total 5,000)
[N2] FrictionNet enabled (6087 parameters)
epoch    1 | train 2.5996 (mse 2.5800) | val 2.0027 (mse 1.9116) | dissip_viol 0.1592
         D_diag mean/joint: [0.5544, 0.5824, 0.5871, 0.5450, 0.5522, 0.5187, 0.5928]
epoch   20 | train 0.9876 (mse 0.9448) | val 0.8428 (mse 0.7947) | dissip_viol 0.0405
         D_diag mean/joint: [0.6215, 0.9558, 0.8431, 0.7320, 0.8272, 0.4377, 0.6706]
epoch   40 | train 0.8386 (mse 0.8146) | val 0.7198 (mse 0.6797) | dissip_viol 0.0144
         D_diag mean/joint: [0.6874, 0.8987, 0.7393, 0.6319, 0.8797, 0.4853, 0.6896]
epoch   60 | train 0.7556 (mse 0.7375) | val 0.6809 (mse 0.6562) | dissip_viol 0.0143
         D_diag mean/joint: [0.6931, 0.7846, 0.6805, 0.5998, 0.8263, 0.4702, 0.6923]
epoch   80 | train 0.6563 (mse 0.6377) | val 0.6310 (mse 0.6191) | dissip_viol 0.0150
         D_diag mean/joint: [0.5118, 0.6973, 0.5830, 0.5892, 0.7953, 0.4673, 0.6859]
epoch  100 | train 0.5255 (mse 0.5123) | val 0.5836 (mse 0.5623) | dissip_viol 0.0034
         D_diag mean/joint: [0.4217, 0.6379, 0.5250, 0.5308, 0.7518, 0.4462, 0.6291]
epoch  120 | train 0.4960 (mse 0.4841) | val 0.5363 (mse 0.5162) | dissip_viol 0.0061
         D_diag mean/joint: [0.3876, 0.5993, 0.4995, 0.5125, 0.7432, 0.4217, 0.6089]
epoch  140 | train 0.4544 (mse 0.4431) | val 0.5090 (mse 0.4989) | dissip_viol 0.0034
         D_diag mean/joint: [0.3486, 0.5810, 0.4841, 0.4655, 0.7103, 0.4099, 0.5901]
epoch  160 | train 0.4392 (mse 0.4286) | val 0.4914 (mse 0.4797) | dissip_viol 0.0049
         D_diag mean/joint: [0.3305, 0.5592, 0.4680, 0.4295, 0.6608, 0.3979, 0.5615]
epoch  180 | train 0.4167 (mse 0.4068) | val 0.4850 (mse 0.4704) | dissip_viol 0.0036
         D_diag mean/joint: [0.2856, 0.5341, 0.4423, 0.4062, 0.6275, 0.4104, 0.5246]
epoch  200 | train 0.4171 (mse 0.4058) | val 0.4609 (mse 0.4455) | dissip_viol 0.0051
         D_diag mean/joint: [0.2876, 0.5152, 0.4363, 0.3843, 0.6084, 0.4011, 0.5026]

[eval] Restored best-validation checkpoint for final metrics.

[eval] Per-joint VAL  RMSE (Nm), in-sample for selection: [0.8748, 1.0647, 0.6601, 0.6309, 0.4012, 0.3853, 0.3348]
[eval] Per-joint TEST RMSE (Nm), HELD OUT  -> REPORT THIS: [0.7055, 0.8576, 0.6981, 0.7279, 0.4673, 0.4149, 0.3322]
[eval] Mean test RMSE: 0.6005 Nm
  Joints 1-4 (87 Nm): 0.7473 Nm  |  Joints 5-7 (12 Nm): 0.4048 Nm
  -> Scale within tolerance (ratio 0.5x).

Done. Best val loss 0.4581. Saved to models/run_20260731_170204/ (greybox_best.pt + friction_net_best.pt)
