[MultiPayload] Loaded  49,723 samples from data/isaac_0.0kg.h5
[MultiPayload] Loaded  49,766 samples from data/isaac_1.0kg.h5
[MultiPayload] Loaded  48,815 samples from data/isaac_3.0kg.h5
[MultiPayload] Combined: 148,304 samples from 3 files
[MultiPayload] Subsampled to 25,000 samples (max_samples=25000)
[N4] Dataset truncated to 25000 samples (max_samples=25000)
[split] split(seed=12345): train=20,000 val=2,500 test=2,500 (total 25,000)
[N2] FrictionNet enabled (6087 parameters)
epoch    1 | train 2.1632 (mse 2.1199) | val 1.2411 (mse 1.1698) | dissip_viol 0.0952
         D_diag mean/joint: [0.4896, 0.7168, 0.6682, 0.6282, 0.5113, 0.6166, 0.4605]
epoch   20 | train 0.9985 (mse 0.9798) | val 0.5719 (mse 0.5554) | dissip_viol 0.0246
         D_diag mean/joint: [0.5193, 0.8325, 0.4060, 0.3929, 0.6934, 0.5131, 0.5379]
epoch   40 | train 0.8881 (mse 0.8757) | val 0.4966 (mse 0.4756) | dissip_viol 0.0000
         D_diag mean/joint: [0.2636, 0.7344, 0.3331, 0.3050, 0.6161, 0.5410, 0.5139]
epoch   60 | train 0.8479 (mse 0.8365) | val 0.5034 (mse 0.4853) | dissip_viol 0.0121
         D_diag mean/joint: [0.1707, 0.6166, 0.2498, 0.2890, 0.5535, 0.5085, 0.4465]
epoch   80 | train 0.8245 (mse 0.8147) | val 0.4068 (mse 0.3937) | dissip_viol 0.0084
         D_diag mean/joint: [0.1338, 0.5815, 0.2069, 0.2806, 0.5426, 0.4700, 0.4644]
epoch  100 | train 0.7372 (mse 0.7277) | val 0.3558 (mse 0.3459) | dissip_viol 0.0006
         D_diag mean/joint: [0.0912, 0.5677, 0.2015, 0.2595, 0.5051, 0.4456, 0.4936]
epoch  120 | train 0.8048 (mse 0.7942) | val 0.3835 (mse 0.3749) | dissip_viol 0.0069
         D_diag mean/joint: [0.0866, 0.5298, 0.1905, 0.2604, 0.4477, 0.4121, 0.5154]
epoch  140 | train 0.7409 (mse 0.7326) | val 0.3673 (mse 0.3577) | dissip_viol 0.0010
         D_diag mean/joint: [0.0873, 0.4795, 0.1523, 0.2133, 0.4583, 0.3882, 0.5075]
epoch  160 | train 0.7421 (mse 0.7322) | val 0.3198 (mse 0.3110) | dissip_viol 0.0090
         D_diag mean/joint: [0.0767, 0.4275, 0.1253, 0.2335, 0.4488, 0.3877, 0.5137]
epoch  180 | train 0.7278 (mse 0.7199) | val 0.3495 (mse 0.3410) | dissip_viol 0.0027
         D_diag mean/joint: [0.0658, 0.3759, 0.1041, 0.2303, 0.4461, 0.3638, 0.5021]
epoch  200 | train 0.6664 (mse 0.6573) | val 0.2601 (mse 0.2562) | dissip_viol 0.0000
         D_diag mean/joint: [0.0698, 0.4034, 0.0992, 0.2293, 0.4612, 0.3400, 0.4944]

[eval] Restored best-validation checkpoint for final metrics.

[eval] Per-joint VAL  RMSE (Nm), in-sample for selection: [0.7167, 0.6110, 0.5050, 0.5455, 0.3581, 0.3583, 0.3028]
[eval] Per-joint TEST RMSE (Nm), HELD OUT  -> REPORT THIS: [1.4762, 0.6828, 1.0049, 0.9125, 0.3994, 0.3912, 0.3317]
[eval] Mean test RMSE: 0.7427 Nm
  Joints 1-4 (87 Nm): 1.0191 Nm  |  Joints 5-7 (12 Nm): 0.3741 Nm
  -> Scale within tolerance (ratio 0.4x).

Done. Best val loss 0.2601. Saved to models/run_20260731_170215/ (greybox_best.pt + friction_net_best.pt)
