[MultiPayload] Loaded  49,723 samples from data/isaac_0.0kg.h5
[MultiPayload] Loaded  49,766 samples from data/isaac_1.0kg.h5
[MultiPayload] Loaded  48,815 samples from data/isaac_3.0kg.h5
[MultiPayload] Combined: 148,304 samples from 3 files
[MultiPayload] Subsampled to 50,000 samples (max_samples=50000)
[N4] Dataset truncated to 50000 samples (max_samples=50000)
[split] split(seed=12345): train=40,000 val=5,000 test=5,000 (total 50,000)
[N2] FrictionNet enabled (6087 parameters)
epoch    1 | train 1.8010 (mse 1.7528) | val 1.5682 (mse 1.5126) | dissip_viol 0.0672
         D_diag mean/joint: [0.6904, 0.7195, 0.7109, 0.7609, 0.7687, 0.6012, 0.5434]
epoch   20 | train 0.8220 (mse 0.8066) | val 1.1205 (mse 1.1040) | dissip_viol 0.0118
         D_diag mean/joint: [0.4043, 0.0238, 0.6078, 0.4093, 0.7087, 0.6196, 0.6569]
epoch   40 | train 0.6819 (mse 0.6702) | val 1.0161 (mse 1.0032) | dissip_viol 0.0150
         D_diag mean/joint: [0.2855, 0.0136, 0.4196, 0.3577, 0.6452, 0.5610, 0.6215]
epoch   60 | train 0.5862 (mse 0.5776) | val 0.8870 (mse 0.8791) | dissip_viol 0.0155
         D_diag mean/joint: [0.1538, 0.0092, 0.3381, 0.3604, 0.6455, 0.4986, 0.5936]
epoch   80 | train 0.5817 (mse 0.5737) | val 0.8407 (mse 0.8330) | dissip_viol 0.0068
         D_diag mean/joint: [0.0890, 0.0038, 0.2550, 0.3221, 0.6257, 0.4751, 0.6639]
epoch  100 | train 0.5561 (mse 0.5494) | val 0.8305 (mse 0.8231) | dissip_viol 0.0018
         D_diag mean/joint: [0.0684, 0.0032, 0.2265, 0.3141, 0.6002, 0.4763, 0.7217]
epoch  120 | train 0.5467 (mse 0.5403) | val 0.8269 (mse 0.8194) | dissip_viol 0.0047
         D_diag mean/joint: [0.0870, 0.0022, 0.1763, 0.2793, 0.5179, 0.4361, 0.7127]
epoch  140 | train 0.5420 (mse 0.5355) | val 0.8149 (mse 0.8076) | dissip_viol 0.0062
         D_diag mean/joint: [0.0916, 0.0012, 0.1433, 0.2339, 0.4766, 0.4131, 0.7086]
epoch  160 | train 0.5506 (mse 0.5442) | val 0.8529 (mse 0.8477) | dissip_viol 0.0049
         D_diag mean/joint: [0.1354, 0.0013, 0.1245, 0.1962, 0.4494, 0.4403, 0.7739]
epoch  180 | train 0.5355 (mse 0.5297) | val 0.8212 (mse 0.8143) | dissip_viol 0.0016
         D_diag mean/joint: [0.1074, 0.0013, 0.1090, 0.1706, 0.3921, 0.4211, 0.7440]
epoch  200 | train 0.6536 (mse 0.6465) | val 0.8794 (mse 0.8723) | dissip_viol 0.0019
         D_diag mean/joint: [0.1190, 0.0019, 0.0900, 0.1285, 0.3910, 0.4189, 0.7874]

[eval] Restored best-validation checkpoint for final metrics.

[eval] Per-joint VAL  RMSE (Nm), in-sample for selection: [0.8111, 0.9685, 1.2934, 1.4003, 0.3931, 0.3680, 0.2982]
[eval] Per-joint TEST RMSE (Nm), HELD OUT  -> REPORT THIS: [0.7354, 0.7352, 0.6784, 0.6425, 0.3758, 0.3877, 0.2970]
[eval] Mean test RMSE: 0.5503 Nm
  Joints 1-4 (87 Nm): 0.6978 Nm  |  Joints 5-7 (12 Nm): 0.3535 Nm
  -> Scale within tolerance (ratio 0.5x).

Done. Best val loss 0.8149. Saved to models/run_20260731_170259/ (greybox_best.pt + friction_net_best.pt)
