[MultiPayload] Loaded  49,723 samples from data/isaac_0.0kg.h5
[MultiPayload] Loaded  49,766 samples from data/isaac_1.0kg.h5
[MultiPayload] Loaded  48,815 samples from data/isaac_3.0kg.h5
[MultiPayload] Combined: 148,304 samples from 3 files
[split] mode=segment, 30 trajectories, 148,304 samples, seed=12345
  train  118,425 samples    24 segments   ids=[0, 1, 2, 3, 5, 6, 7, 9, 11, 12, 13, 14, 15, 16, 17, 18, 22, 23, 24, 25, 26, 27, 28, 29]
  val     14,964 samples     3 segments   ids=[4, 10, 20]
  test    14,915 samples     3 segments   ids=[8, 19, 21]
  segment overlap between splits: NONE (correct)
[baseline] --no_rnea: BLACK BOX. tau_pred = network output alone; analytical RNEA term dropped; dissipativity constraint disabled.
epoch    1 | train 30.4225 (mse 30.4225) | val 27.4213 (mse 27.4213) | dissip_viol 0.0000
epoch   20 | train 0.6432 (mse 0.6432) | val 35.1447 (mse 35.1447) | dissip_viol 0.0000
epoch   40 | train 0.4480 (mse 0.4480) | val 54.5004 (mse 54.5004) | dissip_viol 0.0000
epoch   60 | train 0.3859 (mse 0.3859) | val 65.9580 (mse 65.9580) | dissip_viol 0.0000
epoch   80 | train 0.3844 (mse 0.3844) | val 75.6387 (mse 75.6387) | dissip_viol 0.0000
epoch  100 | train 0.3492 (mse 0.3492) | val 79.0056 (mse 79.0056) | dissip_viol 0.0000
epoch  120 | train 0.3428 (mse 0.3428) | val 80.6319 (mse 80.6319) | dissip_viol 0.0000
epoch  140 | train 0.3337 (mse 0.3337) | val 84.4638 (mse 84.4638) | dissip_viol 0.0000
epoch  160 | train 0.3332 (mse 0.3332) | val 94.4471 (mse 94.4471) | dissip_viol 0.0000
epoch  180 | train 0.3255 (mse 0.3255) | val 95.4022 (mse 95.4022) | dissip_viol 0.0000
epoch  200 | train 0.3141 (mse 0.3141) | val 105.1646 (mse 105.1646) | dissip_viol 0.0000

[eval] Restored best-validation checkpoint for final metrics.

[eval] Per-joint VAL  RMSE (Nm), in-sample for selection: [4.3244, 8.8286, 6.2923, 6.9072, 2.2144, 1.9679, 0.1177]
[eval] Per-joint TEST RMSE (Nm), HELD OUT  -> REPORT THIS: [3.2900, 6.1148, 5.9894, 8.6906, 2.0132, 2.0852, 0.0721]
[eval] Mean test RMSE: 4.0365 Nm
  Joints 1-4 (87 Nm): 6.0212 Nm  |  Joints 5-7 (12 Nm): 1.3902 Nm
  -> Scale within tolerance (ratio 0.2x).

Done. Best val loss 27.4213. Saved to models/run_20260803_141010/ (greybox_best.pt)
