[MultiPayload] Loaded  49,723 samples from data/isaac_0.0kg.h5
[MultiPayload] Loaded  49,766 samples from data/isaac_1.0kg.h5
[MultiPayload] Loaded  48,815 samples from data/isaac_3.0kg.h5
[MultiPayload] Combined: 148,304 samples from 3 files
[split] mode=segment, 30 trajectories, 148,304 samples, seed=23456
  train  118,996 samples    24 segments   ids=[0, 1, 2, 3, 4, 5, 6, 8, 10, 12, 14, 15, 16, 17, 18, 19, 20, 21, 22, 23, 26, 27, 28, 29]
  val     14,368 samples     3 segments   ids=[7, 13, 25]
  test    14,940 samples     3 segments   ids=[9, 11, 24]
  segment overlap between splits: NONE (correct)
[N2] FrictionNet enabled (6087 parameters)
epoch    1 | train 1.2882 (mse 1.2469) | val 4.5623 (mse 4.3469) | dissip_viol 0.1075
         D_diag mean/joint: [1.0959, 0.7126, 0.4001, 0.5358, 1.2078, 0.7698, 1.0279]
epoch   20 | train 0.5293 (mse 0.5166) | val 4.4555 (mse 4.3815) | dissip_viol 0.0184
         D_diag mean/joint: [0.0013, 0.0787, 0.2071, 0.4730, 0.3381, 0.6458, 0.7968]
epoch   40 | train 0.4976 (mse 0.4883) | val 4.7510 (mse 4.6516) | dissip_viol 0.0082
         D_diag mean/joint: [0.0000, 0.0232, 0.0516, 0.3215, 0.1574, 0.5118, 0.5628]
epoch   60 | train 0.4775 (mse 0.4699) | val 4.8861 (mse 4.7378) | dissip_viol 0.0076
         D_diag mean/joint: [0.0000, 0.0206, 0.0276, 0.2108, 0.1330, 0.3169, 0.4123]
epoch   80 | train 0.4721 (mse 0.4652) | val 4.7602 (mse 4.6013) | dissip_viol 0.0082
         D_diag mean/joint: [0.0000, 0.0208, 0.0253, 0.1413, 0.1015, 0.2853, 0.4050]
epoch  100 | train 0.4851 (mse 0.4782) | val 4.9266 (mse 4.7710) | dissip_viol 0.0071
         D_diag mean/joint: [0.0000, 0.0185, 0.0128, 0.1013, 0.0846, 0.2238, 0.3666]
epoch  120 | train 0.4679 (mse 0.4620) | val 4.8902 (mse 4.7278) | dissip_viol 0.0030
         D_diag mean/joint: [0.0000, 0.0244, 0.0145, 0.0935, 0.0736, 0.2058, 0.3770]
epoch  140 | train 0.4610 (mse 0.4552) | val 4.9222 (mse 4.7743) | dissip_viol 0.0013
         D_diag mean/joint: [0.0000, 0.0169, 0.0035, 0.0571, 0.0723, 0.2178, 0.4216]
epoch  160 | train 0.4630 (mse 0.4575) | val 4.9330 (mse 4.7094) | dissip_viol 0.0011
         D_diag mean/joint: [0.0000, 0.0180, 0.0031, 0.0567, 0.0686, 0.1885, 0.4446]
epoch  180 | train 0.4565 (mse 0.4509) | val 4.9703 (mse 4.7202) | dissip_viol 0.0013
         D_diag mean/joint: [0.0000, 0.0148, 0.0019, 0.0387, 0.0564, 0.1953, 0.4587]
epoch  200 | train 0.4555 (mse 0.4505) | val 5.0897 (mse 4.8443) | dissip_viol 0.0019
         D_diag mean/joint: [0.0000, 0.0085, 0.0010, 0.0436, 0.0487, 0.1685, 0.4615]

[eval] Restored best-validation checkpoint for final metrics.

[eval] Per-joint VAL  RMSE (Nm), in-sample for selection: [2.0978, 3.6066, 2.2057, 2.0049, 0.8957, 1.2131, 0.2982]
[eval] Per-joint TEST RMSE (Nm), HELD OUT  -> REPORT THIS: [1.2783, 1.7520, 2.0978, 1.1661, 0.9382, 1.2005, 0.2577]
[eval] Mean test RMSE: 1.2415 Nm
  Joints 1-4 (87 Nm): 1.5735 Nm  |  Joints 5-7 (12 Nm): 0.7988 Nm
  -> Scale within tolerance (ratio 0.5x).

Done. Best val loss 4.2154. Saved to models/run_20260803_141343/ (greybox_best.pt + friction_net_best.pt)
