[eval] dataset signature ae008bd146 over 3 file(s)
[eval] every model below is scored on this exact test split.
[MultiPayload] Loaded  49,723 samples from data/isaac_0.0kg.h5
[MultiPayload] Loaded  49,766 samples from data/isaac_1.0kg.h5
[MultiPayload] Loaded  48,815 samples from data/isaac_3.0kg.h5
[MultiPayload] Combined: 148,304 samples from 3 files
[eval] mode=segment, 30 trajectories, 148,304 samples, seed=23456
  train        0 samples     0 segments   ids=[]
  val          0 samples     0 segments   ids=[]
  test    14,940 samples     3 segments   ids=[9, 11, 24]
  segment overlap between splits: NONE (correct)

=== rnea    ((none)) ===
  test samples          : 14,940
  per-joint RMSE  [Nm]  : 0.8028, 1.8985, 1.7930, 1.6637, 1.0005, 1.0268, 0.0429
  mean RMSE       [Nm]  : 1.1755
  RMSE / limit    [%]   : 0.92, 2.18, 2.06, 1.91, 8.34, 8.56, 0.36
  p99.9 abs err   [Nm]  : 1.319, 3.566, 3.163, 6.158, 1.789, 1.921, 0.107
  samples over torque limit: 0 / 14,940

=== greybox  segsplit-greybox-s23456  (models/run_20260803_141343) ===
  test samples          : 14,940
  per-joint RMSE  [Nm]  : 1.2783, 1.7520, 2.0978, 1.1661, 0.9382, 1.2005, 0.2577
  mean RMSE       [Nm]  : 1.2415
  RMSE / limit    [%]   : 1.47, 2.01, 2.41, 1.34, 7.82, 10.00, 2.15
  p99.9 abs err   [Nm]  : 4.160, 4.184, 3.570, 6.960, 1.850, 2.794, 0.738
  samples over torque limit: 0 / 14,940

=== mlp  segsplit-mlp-s23456  (models/run_20260803_141750) ===
  test samples          : 14,940
  per-joint RMSE  [Nm]  : 3.0790, 5.6304, 10.2559, 7.7516, 2.0004, 1.6696, 0.0786
  mean RMSE       [Nm]  : 4.3522
  RMSE / limit    [%]   : 3.54, 6.47, 11.79, 8.91, 16.67, 13.91, 0.66
  p99.9 abs err   [Nm]  : 7.077, 12.153, 22.722, 16.319, 4.480, 5.233, 0.199
  samples over torque limit: 0 / 14,940

====================================================================
% ---- TABLE 1: résumé des lignes de base ----
% Généré par: python -m evaluation.eval_baselines --latex
% Partition: split_mode=segment, split_seed=23456, n_test=14940.
% ATTENTION: partition PAR TRAJECTOIRE. Ces valeurs ne sont PAS comparables à celles
% d'une partition par échantillon et ne doivent pas figurer dans le même tableau.
% Peu de trajectoires de test: ne rien conclure d'une seule graine.
\begin{tabular}{@{}lcccc@{}}
\toprule
Modèle & RMSE moyenne & RMSE pire axe & Éch. hors limites & Garanties \\
 & [\si{\newton\meter}] & [\si{\newton\meter}] & de couple & \\
\midrule
RNEA seul (analytique) & \num{1.175} & \num{1.899} & 0 (\SI{0.00}{\percent}) & aucune (non entraîné) \\
MLP direct (boîte noire) \code{segsplit-mlp-s23456} & \num{4.352} & \num{10.256} & 0 (\SI{0.00}{\percent}) & limites de couple seules \\
\textbf{Gris (proposé)} \code{segsplit-greybox-s23456} & \num{1.242} & \num{2.098} & 0 (\SI{0.00}{\percent}) & limites + dissipativité \\
\bottomrule
\end{tabular}

% ---- TABLE 2: RMSE par axe (montre l'axe 7) ----
% Généré par: python -m evaluation.eval_baselines --latex
% Partition: split_mode=segment, split_seed=23456, n_test=14940.
% ATTENTION: partition PAR TRAJECTOIRE. Ces valeurs ne sont PAS comparables à celles
% d'une partition par échantillon et ne doivent pas figurer dans le même tableau.
% Peu de trajectoires de test: ne rien conclure d'une seule graine.
\begin{tabular}{@{}lccccccc@{}}
\toprule
RMSE de test [\si{\newton\meter}] & J1 & J2 & J3 & J4 & J5 & J6 & J7 \\
\midrule
RNEA seul (analytique) & \num{0.803} & \num{1.899} & \num{1.793} & \num{1.664} & \num{1.000} & \num{1.027} & \num{0.043} \\
MLP direct (boîte noire) \code{segsplit-mlp-s23456} & \num{3.079} & \num{5.630} & \num{10.256} & \num{7.752} & \num{2.000} & \num{1.670} & \num{0.079} \\
\textbf{Gris (proposé)} \code{segsplit-greybox-s23456} & \num{1.278} & \num{1.752} & \num{2.098} & \num{1.166} & \num{0.938} & \num{1.201} & \num{0.258} \\
\bottomrule
\end{tabular}

!! greybox (segsplit-greybox-s23456) is WORSE than RNEA alone on:
     J1: 1.2783 Nm vs RNEA 0.8028 Nm (1.6x worse)
     J3: 2.0978 Nm vs RNEA 1.7930 Nm (1.2x worse)
     J6: 1.2005 Nm vs RNEA 1.0268 Nm (1.2x worse)
     J7: 0.2577 Nm vs RNEA 0.0429 Nm (6.0x worse)
   The learned residual is adding error on joints the analytical model already gets right.

!! mlp (segsplit-mlp-s23456) is WORSE than RNEA alone on:
     J1: 3.0790 Nm vs RNEA 0.8028 Nm (3.8x worse)
     J2: 5.6304 Nm vs RNEA 1.8985 Nm (3.0x worse)
     J3: 10.2559 Nm vs RNEA 1.7930 Nm (5.7x worse)
     J4: 7.7516 Nm vs RNEA 1.6637 Nm (4.7x worse)
     J5: 2.0004 Nm vs RNEA 1.0005 Nm (2.0x worse)
     J6: 1.6696 Nm vs RNEA 1.0268 Nm (1.6x worse)
     J7: 0.0786 Nm vs RNEA 0.0429 Nm (1.8x worse)
   The learned residual is adding error on joints the analytical model already gets right.

[eval] wrote results/segsplit_20260803_140610/s23456_comparison.json
