[MultiPayload] Loaded  49,723 samples from data/isaac_0.0kg.h5
[MultiPayload] Loaded  49,766 samples from data/isaac_1.0kg.h5
[MultiPayload] Loaded  48,815 samples from data/isaac_3.0kg.h5
[MultiPayload] Combined: 148,304 samples from 3 files
[split] mode=segment, 30 trajectories, 148,304 samples, seed=34567
  train  118,442 samples    24 segments   ids=[0, 1, 4, 5, 6, 7, 8, 9, 10, 11, 12, 14, 15, 16, 18, 19, 20, 22, 23, 25, 26, 27, 28, 29]
  val     14,966 samples     3 segments   ids=[2, 17, 21]
  test    14,896 samples     3 segments   ids=[3, 13, 24]
  segment overlap between splits: NONE (correct)
[N2] FrictionNet enabled (6087 parameters)
epoch    1 | train 1.4565 (mse 1.4146) | val 1.0794 (mse 1.0389) | dissip_viol 0.1170
         D_diag mean/joint: [0.1084, 0.2632, 1.1593, 1.0303, 0.7985, 0.1442, 0.5600]
epoch   20 | train 0.5611 (mse 0.5493) | val 1.5081 (mse 1.3766) | dissip_viol 0.0191
         D_diag mean/joint: [0.0000, 0.0197, 0.7428, 1.0488, 0.2241, 0.0549, 0.3672]
epoch   40 | train 0.5224 (mse 0.5139) | val 1.4947 (mse 1.3086) | dissip_viol 0.0091
         D_diag mean/joint: [0.0000, 0.0162, 0.4560, 0.7705, 0.2178, 0.1282, 0.3352]
epoch   60 | train 0.5240 (mse 0.5163) | val 1.5325 (mse 1.3671) | dissip_viol 0.0029
         D_diag mean/joint: [0.0000, 0.0193, 0.8144, 1.1236, 0.1057, 0.1062, 0.1310]
epoch   80 | train 0.5100 (mse 0.5032) | val 1.5293 (mse 1.3985) | dissip_viol 0.0065
         D_diag mean/joint: [0.0000, 0.0081, 0.8372, 1.8224, 0.0439, 0.0843, 0.0752]
epoch  100 | train 0.5027 (mse 0.4965) | val 1.4926 (mse 1.3980) | dissip_viol 0.0042
         D_diag mean/joint: [0.0000, 0.0044, 1.0524, 2.1859, 0.0239, 0.0606, 0.0455]
epoch  120 | train 0.4935 (mse 0.4875) | val 1.3774 (mse 1.3095) | dissip_viol 0.0013
         D_diag mean/joint: [0.0000, 0.0024, 0.7364, 3.0325, 0.0187, 0.0672, 0.0589]
epoch  140 | train 0.4926 (mse 0.4871) | val 1.5397 (mse 1.4582) | dissip_viol 0.0020
         D_diag mean/joint: [0.0000, 0.0018, 0.5739, 3.0538, 0.0096, 0.0531, 0.0576]
epoch  160 | train 0.4928 (mse 0.4876) | val 1.5249 (mse 1.4262) | dissip_viol 0.0016
         D_diag mean/joint: [0.0000, 0.0009, 0.2523, 3.0599, 0.0075, 0.0644, 0.0700]
epoch  180 | train 0.4886 (mse 0.4833) | val 1.7301 (mse 1.5502) | dissip_viol 0.0011
         D_diag mean/joint: [0.0000, 0.0010, 0.2018, 3.5697, 0.0061, 0.0808, 0.0709]
epoch  200 | train 0.4855 (mse 0.4804) | val 1.7392 (mse 1.5544) | dissip_viol 0.0022
         D_diag mean/joint: [0.0000, 0.0004, 0.0556, 3.8573, 0.0033, 0.0424, 0.0615]

[eval] Restored best-validation checkpoint for final metrics.

[eval] Per-joint VAL  RMSE (Nm), in-sample for selection: [0.7493, 1.4474, 0.9126, 1.3753, 0.5867, 0.9057, 0.2872]
[eval] Per-joint TEST RMSE (Nm), HELD OUT  -> REPORT THIS: [0.6560, 1.4218, 2.1119, 0.7797, 0.6099, 0.7291, 0.2414]
[eval] Mean test RMSE: 0.9357 Nm
  Joints 1-4 (87 Nm): 1.2423 Nm  |  Joints 5-7 (12 Nm): 0.5268 Nm
  -> Scale within tolerance (ratio 0.4x).

Done. Best val loss 1.0459. Saved to models/run_20260803_142124/ (greybox_best.pt + friction_net_best.pt)
