[eval] dataset signature ae008bd146 over 3 file(s)
[eval] every model below is scored on this exact test split.
[MultiPayload] Loaded  49,723 samples from data/isaac_0.0kg.h5
[MultiPayload] Loaded  49,766 samples from data/isaac_1.0kg.h5
[MultiPayload] Loaded  48,815 samples from data/isaac_3.0kg.h5
[MultiPayload] Combined: 148,304 samples from 3 files
[eval] mode=segment, 30 trajectories, 148,304 samples, seed=1
  train        0 samples     0 segments   ids=[]
  val          0 samples     0 segments   ids=[]
  test    14,942 samples     3 segments   ids=[4, 11, 21]
  segment overlap between splits: NONE (correct)

=== rnea    ((none)) ===
  test samples          : 14,942
  per-joint RMSE  [Nm]  : 0.9274, 2.3179, 1.3247, 2.3607, 0.8250, 0.9735, 0.0443
  mean RMSE       [Nm]  : 1.2534
  RMSE / limit    [%]   : 1.07, 2.66, 1.52, 2.71, 6.88, 8.11, 0.37
  p99.9 abs err   [Nm]  : 5.307, 3.658, 5.050, 6.256, 2.020, 1.921, 0.112
  samples over torque limit: 0 / 14,942

=== greybox  segsplit-greybox-s1  (models/run_20260803_140259) ===
  test samples          : 14,942
  per-joint RMSE  [Nm]  : 1.0707, 1.5695, 1.1547, 1.9822, 1.1652, 1.3748, 0.1227
  mean RMSE       [Nm]  : 1.2057
  RMSE / limit    [%]   : 1.23, 1.80, 1.33, 2.28, 9.71, 11.46, 1.02
  p99.9 abs err   [Nm]  : 5.809, 5.066, 6.292, 7.762, 2.280, 2.683, 0.334
  samples over torque limit: 0 / 14,942

=== mlp  segsplit-mlp-s1  (models/run_20260803_140304) ===
  test samples          : 14,942
  per-joint RMSE  [Nm]  : 3.4469, 7.2143, 4.4527, 10.4881, 1.0995, 1.9899, 0.0895
  mean RMSE       [Nm]  : 4.1116
  RMSE / limit    [%]   : 3.96, 8.29, 5.12, 12.06, 9.16, 16.58, 0.75
  p99.9 abs err   [Nm]  : 10.653, 17.608, 10.933, 30.739, 3.778, 4.108, 0.180
  samples over torque limit: 0 / 14,942

====================================================================
% ---- TABLE 1: résumé des lignes de base ----
% Généré par: python -m evaluation.eval_baselines --latex
% Même split de test pour toutes les lignes (seed=12345).
\begin{tabular}{@{}lcccc@{}}
\toprule
Modèle & RMSE moyenne & RMSE pire axe & Éch. hors limites & Garanties \\
 & [\si{\newton\meter}] & [\si{\newton\meter}] & de couple & \\
\midrule
RNEA seul (analytique) & \num{1.253} & \num{2.361} & 0 (\SI{0.00}{\percent}) & aucune (non entraîné) \\
MLP direct (boîte noire) & \num{4.112} & \num{10.488} & 0 (\SI{0.00}{\percent}) & limites de couple seules \\
\textbf{Gris} \code{isaac-satfix} & \num{1.206} & \num{1.982} & 0 (\SI{0.00}{\percent}) & limites + dissipativité \\
\bottomrule
\end{tabular}

% ---- TABLE 2: RMSE par axe (montre l'axe 7) ----
% Généré par: python -m evaluation.eval_baselines --latex
% Même split de test pour toutes les lignes (seed=12345).
\begin{tabular}{@{}lccccccc@{}}
\toprule
RMSE de test [\si{\newton\meter}] & J1 & J2 & J3 & J4 & J5 & J6 & J7 \\
\midrule
RNEA seul (analytique) & \num{0.927} & \num{2.318} & \num{1.325} & \num{2.361} & \num{0.825} & \num{0.973} & \num{0.044} \\
MLP direct (boîte noire) & \num{3.447} & \num{7.214} & \num{4.453} & \num{10.488} & \num{1.099} & \num{1.990} & \num{0.089} \\
\textbf{Gris} \code{isaac-satfix} & \num{1.071} & \num{1.569} & \num{1.155} & \num{1.982} & \num{1.165} & \num{1.375} & \num{0.123} \\
\bottomrule
\end{tabular}

!! greybox (segsplit-greybox-s1) is WORSE than RNEA alone on:
     J1: 1.0707 Nm vs RNEA 0.9274 Nm (1.2x worse)
     J5: 1.1652 Nm vs RNEA 0.8250 Nm (1.4x worse)
     J6: 1.3748 Nm vs RNEA 0.9735 Nm (1.4x worse)
     J7: 0.1227 Nm vs RNEA 0.0443 Nm (2.8x worse)
   The learned residual is adding error on joints the analytical model already gets right.

!! mlp (segsplit-mlp-s1) is WORSE than RNEA alone on:
     J1: 3.4469 Nm vs RNEA 0.9274 Nm (3.7x worse)
     J2: 7.2143 Nm vs RNEA 2.3179 Nm (3.1x worse)
     J3: 4.4527 Nm vs RNEA 1.3247 Nm (3.4x worse)
     J4: 10.4881 Nm vs RNEA 2.3607 Nm (4.4x worse)
     J5: 1.0995 Nm vs RNEA 0.8250 Nm (1.3x worse)
     J6: 1.9899 Nm vs RNEA 0.9735 Nm (2.0x worse)
     J7: 0.0895 Nm vs RNEA 0.0443 Nm (2.0x worse)
   The learned residual is adding error on joints the analytical model already gets right.

[eval] wrote results/segsplit_20260803_140240/s1_comparison.json
